[backblue.gif]
[fade.gif]
[index.html]
[maxcdn.bootstrapcdn.com/bootstrap/3.3.6/css/bootstrap.min.css]
[selab.hanyang.ac.kr/common/images/SelabFavicon.png]
[selab.hanyang.ac.kr/common/scripts/jquery-1.11.0.min.js]
[selab.hanyang.ac.kr/common/scripts/jquery-ui.js]
[selab.hanyang.ac.kr/common/scripts/buffered-keyup.js]
[selab.hanyang.ac.kr/common/scripts/common.js]
[selab.hanyang.ac.kr/home/scripts/home.js]
[selab.hanyang.ac.kr/home/scripts/unslider.js]
[selab.hanyang.ac.kr/common/images/selab_logo_S.png]
[selab.hanyang.ac.kr/notice/rss.php]
[selab.hanyang.ac.kr/index.html]
[maxcdn.bootstrapcdn.com/bootstrap/3.3.6/css/bootstrap.min.css]
[selab.hanyang.ac.kr/common/styles/reset-1.6.1.css]
[selab.hanyang.ac.kr/common/styles/jquery-ui.css]
[selab.hanyang.ac.kr/common/styles/font-awesome-4.0.3/fonts/fontawesome-webfontba72.eot]
[selab.hanyang.ac.kr/common/styles/font-awesome-4.0.3/fonts/fontawesome-webfontd41d.eot]
[selab.hanyang.ac.kr/common/styles/font-awesome-4.0.3/fonts/fontawesome-webfontba72.woff]
[selab.hanyang.ac.kr/common/styles/font-awesome-4.0.3/fonts/fontawesome-webfontba72.ttf]
[selab.hanyang.ac.kr/common/styles/font-awesome-4.0.3/css/font-awesome.min.css]
[selab.hanyang.ac.kr/common/styles/common.css]
[selab.hanyang.ac.kr/home/images/1.png]
[selab.hanyang.ac.kr/home/images/2.png]
[selab.hanyang.ac.kr/home/images/3.png]
[selab.hanyang.ac.kr/members/images/list-img.png]
[selab.hanyang.ac.kr/home/styles/home.css]
[selab.hanyang.ac.kr/notice/index.html]
[selab.hanyang.ac.kr/members/index.html]
[selab.hanyang.ac.kr/research/index.html]
[selab.hanyang.ac.kr/publications/index.html]
[selab.hanyang.ac.kr/courses/index.html]
[selab.hanyang.ac.kr/gallery/index.html]
[selab.hanyang.ac.kr/common/scripts/jquery-1.10.2.js]
[selab.hanyang.ac.kr/login/script/login.js]
[selab.hanyang.ac.kr/login/index4e7d.html]
[selab.hanyang.ac.kr/contact/index.html]
[selab.hanyang.ac.kr/notice/scripts/notices.js]
[selab.hanyang.ac.kr/notice/PL-SE_1st schedule7f07.pdf]
[selab.hanyang.ac.kr/notice/index-2.html]
[selab.hanyang.ac.kr/courses/scripts/course-page.js]
[selab.hanyang.ac.kr/courses/cse326/2019/index.html]
[selab.hanyang.ac.kr/courses/cse6050/2019/index.html]
[selab.hanyang.ac.kr/common/styles/images/animated-overlay.html]
[selab.hanyang.ac.kr/common/styles/images/ui-bg_flat_75_ffffff_40x100.html]
[selab.hanyang.ac.kr/common/styles/images/ui-bg_highlight-soft_75_cccccc_1x100.html]
[selab.hanyang.ac.kr/common/styles/images/ui-bg_glass_75_e6e6e6_1x400.html]
[selab.hanyang.ac.kr/common/styles/images/ui-bg_glass_75_dadada_1x400.html]
[selab.hanyang.ac.kr/common/styles/images/ui-bg_glass_65_ffffff_1x400.html]
[selab.hanyang.ac.kr/common/styles/images/ui-bg_glass_55_fbf9ee_1x400.html]
[selab.hanyang.ac.kr/common/styles/images/ui-bg_glass_95_fef1ec_1x400.html]
[selab.hanyang.ac.kr/common/styles/images/ui-icons_222222_256x240.html]
[selab.hanyang.ac.kr/common/styles/images/ui-icons_888888_256x240.html]
[selab.hanyang.ac.kr/common/styles/images/ui-icons_454545_256x240.html]
[selab.hanyang.ac.kr/common/styles/images/ui-icons_2e83ff_256x240.html]
[selab.hanyang.ac.kr/common/styles/images/ui-icons_cd0a0a_256x240.html]
[selab.hanyang.ac.kr/common/styles/images/ui-bg_flat_0_aaaaaa_40x100.html]
[selab.hanyang.ac.kr/common/styles/font-awesome-4.0.3/fonts/fontawesome-webfontba72.svg]
[fonts.googleapis.com/earlyaccess/nanumgothic.css]
[selab.hanyang.ac.kr/login/style/user_icon.png]
[selab.hanyang.ac.kr/login/style/passwd_icon.png]
[selab.hanyang.ac.kr/login/style/user_icon_focus.png]
[selab.hanyang.ac.kr/login/style/passwd_icon_focus.png]
[selab.hanyang.ac.kr/login/style/login_button.png]
[selab.hanyang.ac.kr/login/style/login_button_hover.png]
[selab.hanyang.ac.kr/login/style/login.css]
[selab.hanyang.ac.kr/notice/styles/notice.css]
[selab.hanyang.ac.kr/login/indexc5a4.html]
[selab.hanyang.ac.kr/courses/images/list-img.png]
[selab.hanyang.ac.kr/courses/styles/course-home.css]
[selab.hanyang.ac.kr/courses/styles/course-slides.css]
[selab.hanyang.ac.kr/login/index2c92.html]
[selab.hanyang.ac.kr/courses/cse326/2019/project/images/SelabFavicon.png]
[ajax.googleapis.com/ajax/libs/prototype/1.7.3.0/prototype.js]
[ajax.googleapis.com/ajax/libs/scriptaculous/1.9.0/scriptaculous.js]
[selab.hanyang.ac.kr/courses/cse326/2019/project/resources/slides.js]
[selab.hanyang.ac.kr/courses/cse326/2019/project/ui/default/slides.js]
[selab.hanyang.ac.kr/courses/cse326/2019/project/images/w3c-html.png]
[selab.hanyang.ac.kr/courses/cse326/2019/project/images/w3c-css.png]
[selab.hanyang.ac.kr/courses/cse326/2019/project/project.html]
[selab.hanyang.ac.kr/courses/cse326/2019/lecture/images/SelabFavicon.png]
[selab.hanyang.ac.kr/courses/cse326/2019/lecture/resources/slides.js]
[selab.hanyang.ac.kr/courses/cse326/2019/lecture/ui/default/slides.js]
[selab.hanyang.ac.kr/courses/cse326/2019/lecture/images/webProgrammingText.jpg]
[selab.hanyang.ac.kr/courses/cse326/2019/lecture/00-introduction.html]
[selab.hanyang.ac.kr/courses/cse326/2019/lecture/images/w3c-html.png]
[selab.hanyang.ac.kr/courses/cse326/2019/lecture/images/w3c-css.png]
[selab.hanyang.ac.kr/courses/cse326/2019/lecture/images/internet.png]
[selab.hanyang.ac.kr/courses/cse326/2019/lecture/images/ietf_logo.gif]
[selab.hanyang.ac.kr/courses/cse326/2019/lecture/images/icann.jpg]
[selab.hanyang.ac.kr/courses/cse326/2019/lecture/images/w3c.png]
[selab.hanyang.ac.kr/courses/cse326/2019/lecture/images/fig1_ip_address.png]
[selab.hanyang.ac.kr/courses/cse326/2019/lecture/images/webserver.gif]
[selab.hanyang.ac.kr/courses/cse326/2019/lecture/images/web_browser.jpg]
[selab.hanyang.ac.kr/courses/cse326/2019/lecture/01-www.html]
[selab.hanyang.ac.kr/courses/cse326/2019/lecture/images/layout2.png]
[selab.hanyang.ac.kr/courses/cse326/2019/lecture/images/favicon1.gif]
[selab.hanyang.ac.kr/courses/cse326/2019/lecture/images/favicon2.gif]
[selab.hanyang.ac.kr/courses/cse326/2019/lecture/images/w3c-logo.png]
[selab.hanyang.ac.kr/courses/cse326/2019/lecture/images/input-type-datetime.png]
[selab.hanyang.ac.kr/courses/cse326/2019/lecture/images/input-type-range.png]
[selab.hanyang.ac.kr/courses/cse326/2019/lecture/images/input-type-search.png]
[selab.hanyang.ac.kr/courses/cse326/2019/lecture/images/input-type-number.png]
[selab.hanyang.ac.kr/courses/cse326/2019/lecture/images/html5-video.jpg]
[selab.hanyang.ac.kr/courses/cse326/2019/lecture/images/html5-canvas.png]
[selab.hanyang.ac.kr/courses/cse326/2019/lecture/images/microdata.png]
[selab.hanyang.ac.kr/courses/cse326/2019/lecture/images/svg-lion.gif]
[selab.hanyang.ac.kr/courses/cse326/2019/lecture/images/bitmap_vector.png]
[en.wikipedia.org/wiki/.html]
[selab.hanyang.ac.kr/courses/cse326/2019/lecture/examples/multimedia/duckhunt.swf]
[selab.hanyang.ac.kr/courses/cse326/2019/lecture/examples/multimedia/developers.mpeg]
[selab.hanyang.ac.kr/courses/cse326/2019/lecture/examples/multimedia/win98.qt]
[selab.hanyang.ac.kr/courses/cse326/2019/lecture/examples/multimedia/powerglove.wmv]
[selab.hanyang.ac.kr/courses/cse326/2019/lecture/examples/multimedia/flintstones.rm]
[selab.hanyang.ac.kr/courses/cse326/2019/lecture/examples/multimedia/winxp.wav]
[selab.hanyang.ac.kr/courses/cse326/2019/lecture/examples/multimedia/town.mid]
[selab.hanyang.ac.kr/courses/cse326/2019/lecture/images/plugins_list.png]
[selab.hanyang.ac.kr/courses/cse326/2019/lecture/02-html.html]
[selab.hanyang.ac.kr/courses/cse326/2019/lecture/images/css3-logo-icon-small.gif]
[selab.hanyang.ac.kr/courses/cse326/2019/lecture/images/css3-columns.png]
[selab.hanyang.ac.kr/courses/cse326/2019/lecture/images/css3-gradient.jpg]
[selab.hanyang.ac.kr/courses/cse326/2019/lecture/images/css3-border-radius.png]
[selab.hanyang.ac.kr/courses/cse326/2019/lecture/images/css3-transformations.png]
[selab.hanyang.ac.kr/courses/cse326/2019/lecture/03-css.html]
[selab.hanyang.ac.kr/courses/cse326/2019/lecture/images/ultimate.png]
[selab.hanyang.ac.kr/courses/cse326/2019/lecture/images/box_model.png]
[selab.hanyang.ac.kr/courses/cse326/2019/lecture/images/layout1.png]
[selab.hanyang.ac.kr/courses/cse326/2019/lecture/images/layout3.png]
[selab.hanyang.ac.kr/courses/cse326/2019/lecture/images/margincollapse1.png]
[selab.hanyang.ac.kr/courses/cse326/2019/lecture/images/margincollapse2.png]
[selab.hanyang.ac.kr/courses/cse326/2019/lecture/images/float-clipped.png]
[selab.hanyang.ac.kr/courses/cse326/2019/lecture/images/borat.jpg]
[selab.hanyang.ac.kr/courses/cse326/2019/lecture/images/homestar_runner.png]
[selab.hanyang.ac.kr/courses/cse326/2019/lecture/images/clear.png]
[selab.hanyang.ac.kr/courses/cse326/2019/lecture/images/absoluteposition.png]
[selab.hanyang.ac.kr/courses/cse326/2019/lecture/images/relativeposition.png]
[selab.hanyang.ac.kr/courses/cse326/2019/lecture/images/fixedposition.png]
[selab.hanyang.ac.kr/courses/cse326/2019/lecture/images/baseline.jpg]
[selab.hanyang.ac.kr/courses/cse326/2019/lecture/images/html5-bad-tags.gif]
[selab.hanyang.ac.kr/courses/cse326/2019/lecture/images/html5-good-tags.gif]
[selab.hanyang.ac.kr/courses/cse326/2019/lecture/04-layout.html]
[selab.hanyang.ac.kr/courses/cse326/2019/lecture/images/php_logo.gif]
[selab.hanyang.ac.kr/courses/cse326/2019/lecture/images/javaee.gif]
[selab.hanyang.ac.kr/courses/cse326/2019/lecture/images/ruby_on_rails.png]
[selab.hanyang.ac.kr/courses/cse326/2019/lecture/images/asp_net.png]
[selab.hanyang.ac.kr/courses/cse326/2019/lecture/images/figure_1_server.png]
[selab.hanyang.ac.kr/courses/cse326/2019/lecture/images/php_output_local.png]
[selab.hanyang.ac.kr/courses/cse326/2019/lecture/images/php_output_server.png]
[selab.hanyang.ac.kr/courses/cse326/2019/lecture/05-PHP.html]
[selab.hanyang.ac.kr/courses/cse326/2019/labs/images/SelabFavicon.png]
[selab.hanyang.ac.kr/courses/cse326/2019/labs/resources/slides.js]
[selab.hanyang.ac.kr/courses/cse326/2019/labs/ui/default/slides.js]
[selab.hanyang.ac.kr/courses/cse326/2019/labs/images/w3c-html.png]
[selab.hanyang.ac.kr/courses/cse326/2019/labs/images/w3c-css.png]
[selab.hanyang.ac.kr/courses/cse326/2019/labs/images/0/Git-Logo-2Color.png]
[selab.hanyang.ac.kr/courses/cse326/2019/labs/images/0/github.png]
[selab.hanyang.ac.kr/courses/cse326/2019/labs/images/0/repo_new.png]
[selab.hanyang.ac.kr/courses/cse326/2019/labs/images/0/repo_old.png]
[selab.hanyang.ac.kr/courses/cse326/2019/labs/images/0/repo_create.png]
[selab.hanyang.ac.kr/courses/cse326/2019/labs/images/0/repo_created.png]
[selab.hanyang.ac.kr/courses/cse326/2019/labs/images/0/workflow.png]
[selab.hanyang.ac.kr/courses/cse326/2019/labs/images/0/mamp.png]
[selab.hanyang.ac.kr/courses/cse326/2019/labs/labResources/welcomeToCSE3026.zip]
[selab.hanyang.ac.kr/courses/cse326/2019/labs/lab0-introduction.html]
[selab.hanyang.ac.kr/courses/cse326/2019/labs/images/1/ex1.png]
[selab.hanyang.ac.kr/courses/cse326/2019/labs/images/1/ex2.png]
[selab.hanyang.ac.kr/courses/cse326/2019/labs/images/1/ex3a.png]
[selab.hanyang.ac.kr/courses/cse326/2019/labs/images/1/ex3b.png]
[selab.hanyang.ac.kr/courses/cse326/2019/labs/images/1/ex3c.png]
[selab.hanyang.ac.kr/courses/cse326/2019/labs/images/1/ex4.png]
[selab.hanyang.ac.kr/courses/cse326/2019/labs/images/1/ex5.png]
[selab.hanyang.ac.kr/courses/cse326/2019/labs/images/1/ex6.png]
[selab.hanyang.ac.kr/courses/cse326/2019/labs/images/1/ex7.png]
[selab.hanyang.ac.kr/courses/cse326/2019/labs/lab1-aboutme(HTML).html]
[selab.hanyang.ac.kr/courses/cse326/2019/labs/images/2/aboutme.png]
[selab.hanyang.ac.kr/courses/cse326/2019/labs/images/2/cse326bg.jpg]
[selab.hanyang.ac.kr/courses/cse326/2019/labs/lab2-aboutme(CSS).html]
[selab.hanyang.ac.kr/courses/cse326/2019/labs/images/3/ex1_output.png]
[selab.hanyang.ac.kr/courses/cse326/2019/labs/images/3/blueTextureBG.jpg]
[selab.hanyang.ac.kr/courses/cse326/2019/labs/images/3/ex2_output.png]
[selab.hanyang.ac.kr/courses/cse326/2019/labs/images/3/ex3_output.png]
[selab.hanyang.ac.kr/courses/cse326/2019/labs/images/3/ex4_output.png]
[selab.hanyang.ac.kr/courses/cse326/2019/labs/images/3/ex5_output.png]
[selab.hanyang.ac.kr/courses/cse326/2019/labs/images/3/ex6_output.png]
[selab.hanyang.ac.kr/courses/cse326/2019/labs/lab3-favorite.html]
[selab.hanyang.ac.kr/courses/cse326/2019/project/ui/default/slides.css]
[selab.hanyang.ac.kr/courses/cse326/2019/project/ui/default/outline.css]
[selab.hanyang.ac.kr/courses/cse326/2019/project/ui/default/print.css]
[selab.hanyang.ac.kr/courses/cse326/2019/lecture/ui/default/slides.css]
[selab.hanyang.ac.kr/courses/cse326/2019/lecture/ui/default/outline.css]
[selab.hanyang.ac.kr/courses/cse326/2019/lecture/ui/default/print.css]
[selab.hanyang.ac.kr/courses/cse326/2019/index-2.html]
[selab.hanyang.ac.kr/courses/cse326/2019/project/index.html]
[en.wikipedia.org/wiki/.html]
[selab.hanyang.ac.kr/courses/cse326/2019/lecture/03css.css]
[selab.hanyang.ac.kr/courses/cse326/2017/lecture/examples/05PHP/quote.html]
[selab.hanyang.ac.kr/courses/cse326/2019/labs/ui/default/slides.css]
[selab.hanyang.ac.kr/courses/cse326/2019/labs/ui/default/outline.css]
[selab.hanyang.ac.kr/courses/cse326/2019/labs/ui/default/print.css]
[selab.hanyang.ac.kr/courses/cse326/2019/labs/ui/default/labs-slides.css]
[selab.hanyang.ac.kr/courses/cse326/2019/labs/labResources/helloWorld.html]
[selab.hanyang.ac.kr/courses/cse326/2019/labs/labResources/ScottsFav.html]
